﻿[36mvite v8.0.0-beta.13 [32mbuilding client environment for production...[36m[39m
[2K
transforming...Ô£ô 2792 modules transformed.
node.exe : [31mÔ£ù[39m Build failed in 1.90s
At line:1 char:1
+ & "C:\Program Files\nodejs/node.exe" "C:\Program Files\nodejs/node_mo ...
+ ~~~~~~~~~~~~~~~~~~~~~~~~~~~~~~~~~~~~~~~~~~~~~~~~~~~~~~~~~~~~~~~~~~~~~
    + CategoryInfo          : NotSpecified: ([31mÔ£ù[39m Build failed in 1.90s:String) [], RemoteException
    + FullyQualifiedErrorId : NativeCommandError
 
[31merror during build:
[31mBuild failed with 9 errors:

[plugin vite:css] D:/detagenix/crm-hrm-backend/frontend/src/index.css:undefined:NaN
Error: [postcss] It looks like you're trying to use `tailwindcss` directly as a PostCSS plugin. The PostCSS plugin has 
moved to a separate package, so to continue using Tailwind CSS with PostCSS you'll need to install 
`@tailwindcss/postcss` and update your PostCSS configuration.
    at ft (D:\detagenix\crm-hrm-backend\frontend\node_modules\tailwindcss\dist\lib.js:38:1643)
    at LazyResult.runOnRoot (D:\detagenix\crm-hrm-backend\frontend\node_modules\postcss\lib\lazy-result.js:361:16)
    at LazyResult.runAsync (D:\detagenix\crm-hrm-backend\frontend\node_modules\postcss\lib\lazy-result.js:290:26)
    at LazyResult.async (D:\detagenix\crm-hrm-backend\frontend\node_modules\postcss\lib\lazy-result.js:192:30)
    at LazyResult.then (D:\detagenix\crm-hrm-backend\frontend\node_modules\postcss\lib\lazy-result.js:449:17)
[plugin vite:css] D:/detagenix/crm-hrm-backend/frontend/src/pages/CRM/LeadGeneration.css:undefined:NaN
Error: [postcss] It looks like you're trying to use `tailwindcss` directly as a PostCSS plugin. The PostCSS plugin has 
moved to a separate package, so to continue using Tailwind CSS with PostCSS you'll need to install 
`@tailwindcss/postcss` and update your PostCSS configuration.
    at ft (D:\detagenix\crm-hrm-backend\frontend\node_modules\tailwindcss\dist\lib.js:38:1643)
    at LazyResult.runOnRoot (D:\detagenix\crm-hrm-backend\frontend\node_modules\postcss\lib\lazy-result.js:361:16)
    at LazyResult.runAsync (D:\detagenix\crm-hrm-backend\frontend\node_modules\postcss\lib\lazy-result.js:290:26)
    at LazyResult.async (D:\detagenix\crm-hrm-backend\frontend\node_modules\postcss\lib\lazy-result.js:192:30)
    at LazyResult.then (D:\detagenix\crm-hrm-backend\frontend\node_modules\postcss\lib\lazy-result.js:449:17)
[plugin vite:css] D:/detagenix/crm-hrm-backend/frontend/src/App.css:undefined:NaN
Error: [postcss] It looks like you're trying to use `tailwindcss` directly as a PostCSS plugin. The PostCSS plugin has 
moved to a separate package, so to continue using Tailwind CSS with PostCSS you'll need to install 
`@tailwindcss/postcss` and update your PostCSS configuration.
    at ft (D:\detagenix\crm-hrm-backend\frontend\node_modules\tailwindcss\dist\lib.js:38:1643)
    at LazyResult.runOnRoot (D:\detagenix\crm-hrm-backend\frontend\node_modules\postcss\lib\lazy-result.js:361:16)
    at LazyResult.runAsync (D:\detagenix\crm-hrm-backend\frontend\node_modules\postcss\lib\lazy-result.js:290:26)
    at LazyResult.async (D:\detagenix\crm-hrm-backend\frontend\node_modules\postcss\lib\lazy-result.js:192:30)
    at LazyResult.then (D:\detagenix\crm-hrm-backend\frontend\node_modules\postcss\lib\lazy-result.js:449:17)
[plugin vite:css] D:/detagenix/crm-hrm-backend/frontend/src/pages/CRM/MLStats.css:undefined:NaN
Error: [postcss] It looks like you're trying to use `tailwindcss` directly as a PostCSS plugin. The PostCSS plugin has 
moved to a separate package, so to continue using Tailwind CSS with PostCSS you'll need to install 
`@tailwindcss/postcss` and update your PostCSS configuration.
    at ft (D:\detagenix\crm-hrm-backend\frontend\node_modules\tailwindcss\dist\lib.js:38:1643)
    at LazyResult.runOnRoot (D:\detagenix\crm-hrm-backend\frontend\node_modules\postcss\lib\lazy-result.js:361:16)
    at LazyResult.runAsync (D:\detagenix\crm-hrm-backend\frontend\node_modules\postcss\lib\lazy-result.js:290:26)
    at LazyResult.async (D:\detagenix\crm-hrm-backend\frontend\node_modules\postcss\lib\lazy-result.js:192:30)
    at LazyResult.then (D:\detagenix\crm-hrm-backend\frontend\node_modules\postcss\lib\lazy-result.js:449:17)
[plugin vite:css] D:/detagenix/crm-hrm-backend/frontend/src/pages/CRM/AIInsights.css:undefined:NaN
Error: [postcss] It looks like you're trying to use `tailwindcss` directly as a PostCSS plugin. The PostCSS plugin has 
moved to a separate package, so to continue using Tailwind CSS with PostCSS you'll need to install 
`@tailwindcss/postcss` and update your PostCSS configuration.
    at ft (D:\detagenix\crm-hrm-backend\frontend\node_modules\tailwindcss\dist\lib.js:38:1643)
    at LazyResult.runOnRoot (D:\detagenix\crm-hrm-backend\frontend\node_modules\postcss\lib\lazy-result.js:361:16)
    at LazyResult.runAsync (D:\detagenix\crm-hrm-backend\frontend\node_modules\postcss\lib\lazy-result.js:290:26)
    at LazyResult.async (D:\detagenix\crm-hrm-backend\frontend\node_modules\postcss\lib\lazy-result.js:192:30)
    at LazyResult.then (D:\detagenix\crm-hrm-backend\frontend\node_modules\postcss\lib\lazy-result.js:449:17)
...[31m
    at aggregateBindingErrorsIntoJsError (file:///D:/detagenix/crm-hrm-backend/frontend/node_modules/rolldown/dist/shar
ed/bindingify-input-options-CorDub0q.mjs:628:18)
    at unwrapBindingResult (file:///D:/detagenix/crm-hrm-backend/frontend/node_modules/rolldown/dist/shared/bindingify-
input-options-CorDub0q.mjs:598:128)
    at #build 
(file:///D:/detagenix/crm-hrm-backend/frontend/node_modules/rolldown/dist/shared/rolldown-build-CGNuOAoF.mjs:3345:34)
    at async buildEnvironment 
(file:///D:/detagenix/crm-hrm-backend/frontend/node_modules/vite/dist/node/chunks/fetchableEnvironments.js:34111:64)
    at async Object.build 
(file:///D:/detagenix/crm-hrm-backend/frontend/node_modules/vite/dist/node/chunks/fetchableEnvironments.js:34533:19)
    at async Object.buildApp 
(file:///D:/detagenix/crm-hrm-backend/frontend/node_modules/vite/dist/node/chunks/fetchableEnvironments.js:34530:153)
    at async CAC.<anonymous> 
(file:///D:/detagenix/crm-hrm-backend/frontend/node_modules/vite/dist/node/cli.js:641:3)[39m
